I'm sorry, but errors were detected in your script. Please correct the
errors listed below, and try again.


File "game/script.rpy", line 25: Line is followed by a block, despite not being a menu choice. Did you forget a colon at the end of the line?
    "The girl"
              ^

Ren'Py Version: Ren'Py 8.5.2.26010301
Sat Feb 28 15:49:59 2026
